%!Adobe-FontList 1.16
%Locale:0x409

%BeginFont
Handler:DirectoryHandler
FontType:Type1
FontName:FreightTextProBold-Regular
FamilyName:FreightText Pro
StyleName:Bold
MenuName:FreightText Pro Bold
StyleBits:0
WeightClass:700
WidthClass:5
AngleClass:0
FullName:FreightText Pro Bold
WritingScript:Roman
OutlineFileName:\FreigTexProBold.otf
DataFormat:sfntData
UsesStandardEncoding:yes
isCFF:yes
FileLength:95744
FileModTime:1305633270
NameArray:0,Mac,4,FreightText Pro Bold
NameArray:0,Win,1,FreightText Pro Bold
NameArray:0,Win,16,FreightText Pro
%EndFont

%BeginFont
Handler:DirectoryHandler
FontType:Type1
FontName:FreightTextProBook-Regular
FamilyName:FreightText Pro
StyleName:Book
MenuName:FreightText Pro Book
StyleBits:0
WeightClass:400
WidthClass:5
AngleClass:0
FullName:FreightText Pro Book
WritingScript:Roman
OutlineFileName:\FreigTexProBook.otf
DataFormat:sfntData
UsesStandardEncoding:yes
isCFF:yes
FileLength:110892
FileModTime:1305633270
NameArray:0,Mac,4,FreightText Pro Book
NameArray:0,Win,1,FreightText Pro Book
NameArray:0,Win,16,FreightText Pro
%EndFont

%BeginFont
Handler:DirectoryHandler
FontType:Type1
FontName:FreightTextProBook-Italic
FamilyName:FreightText Pro
StyleName:Book Italic
MenuName:FreightText Pro Book
StyleBits:1
WeightClass:400
WidthClass:5
AngleClass:1
FullName:FreightText Pro Book Italic
WritingScript:Roman
OutlineFileName:\FreigTexProBookIt.otf
DataFormat:sfntData
UsesStandardEncoding:yes
isCFF:yes
FileLength:106896
FileModTime:1305633270
NameArray:0,Mac,4,FreightText Pro Book Italic
NameArray:0,Win,1,FreightText Pro Book
NameArray:0,Win,16,FreightText Pro
%EndFont

%BeginFont
Handler:DirectoryHandler
FontType:Type1
FontName:FreightTextProSemibold-Regular
FamilyName:FreightText Pro
StyleName:Semibold
MenuName:FreightText Pro Semibold
StyleBits:0
WeightClass:600
WidthClass:5
AngleClass:0
FullName:FreightText Pro Semibold
WritingScript:Roman
OutlineFileName:\FreigTexProSem.otf
DataFormat:sfntData
UsesStandardEncoding:yes
isCFF:yes
FileLength:95796
FileModTime:1305633272
NameArray:0,Mac,4,FreightText Pro Semibold
NameArray:0,Win,1,FreightText Pro Semibold
NameArray:0,Win,16,FreightText Pro
%EndFont

